<html>
<body>
<pre>
<h1>µVision Build Log</h1>
<h2>Tool Versions:</h2>
IDE-Version: µVision V5.15.0.9
Copyright (C) 2015 ARM Ltd and ARM Germany GmbH. All rights reserved.
License Information: aa ad, fa, LIC=MGXJJ-U4UHM-68WFC-7NZ1T-VAYN2-KRDLA
 
Tool Versions:
Toolchain:       MDK-ARM Professional  Version: 5.15.0
Toolchain Path:  C:\Keil_v5\ARM\ARMCC\Bin
C Compiler:      Armcc.exe V5.05 update 2 (build 169)
Assembler:       Armasm.exe V5.05 update 2 (build 169)
Linker/Locator:  ArmLink.exe V5.05 update 2 (build 169)
Library Manager: ArmAr.exe V5.05 update 2 (build 169)
Hex Converter:   FromElf.exe V5.05 update 2 (build 169)
CPU DLL:         SARMCM3.DLL V5.15.0
Dialog DLL:      DCM.DLL V1.13.2.0
Target DLL:      STLink\ST-LINKIII-KEIL_SWO.dll V2.0.15.0_KEIL
Dialog DLL:      TCM.DLL V1.14.5.0
 
<h2>Project:</h2>
C:\Code\uC\Impedance_test\MDK-ARM\NeuroGrid_tester.uvprojx
Project File Date:  05/23/2019

<h2>Output:</h2>
*** Using Compiler 'V5.05 update 2 (build 169)', folder: 'C:\Keil_v5\ARM\ARMCC\Bin'
Build target 'NeuroGrid_tester'
compiling stm32f4xx_it.c...
../Inc/HD32_intan_driver.h(38): warning:  #1-D: last line of file ends without a newline
  #define PI 3.1415926
../Src/stm32f4xx_it.c(390): warning:  #1035-D: single-precision operand implicitly converted to double-precision
  		max /= 0.38;
../Src/stm32f4xx_it.c(391): warning:  #1035-D: single-precision operand implicitly converted to double-precision
  		min /= 0.38;
../Src/stm32f4xx_it.c: 3 warnings, 0 errors
linking...
Program Size: Code=17216 RO-data=824 RW-data=52 ZI-data=83636  
FromELF: creating hex file...
"NeuroGrid_tester\NeuroGrid_tester.axf" - 0 Error(s), 3 Warning(s).

<h2>Software Packages used:</h2>

Package Vendor: ARM
                http://www.keil.com/pack/ARM.CMSIS.5.4.0.pack
                ARM::CMSIS:CORE:5.1.2
                CMSIS (Cortex Microcontroller Software Interface Standard)
   * Component: CORE Version: 5.1.2

<h2>Collection of Component include folders:</h2>
  C:\Code\uC\Impedance_test\MDK-ARM\RTE
  C:\Keil_v5\ARM\PACK\ARM\CMSIS\5.4.0\CMSIS\Core\Include
  C:\Keil_v5\ARM\PACK\Keil\STM32F4xx_DFP\2.13.0\Drivers\CMSIS\Device\ST\STM32F4xx\Include

<h2>Collection of Component Files used:</h2>

   * Component: ARM::CMSIS:CORE:5.1.2
Build Time Elapsed:  00:00:02
</pre>
</body>
</html>
